
> pentoraseo@1.0.0 build
> next build

node.exe :  ⚠ Warning: Next.js inferred your workspace r
oot, but it may not be correct.
At line:1 char:1
+ & "C:\Program Files\nodejs/node.exe" "C:\Program Files
\nodejs/node_mo ...
+ ~~~~~~~~~~~~~~~~~~~~~~~~~~~~~~~~~~~~~~~~~~~~~~~~~~~~~~
~~~~~~~~~~~~~~~
    + CategoryInfo          : NotSpecified: ( ⚠ Warning 
   : Nex...not be correct.:String) [], RemoteException
    + FullyQualifiedErrorId : NativeCommandError
 
 We detected multiple lockfiles and selected the directo
ry of C:\Users\Banan\package-lock.json as the root direc
tory.
 To silence this warning, set `turbopack.root` in your N
ext.js config, or consider removing one of the lockfiles
 if it's not needed.
   See https://nextjs.org/docs/app/api-reference/config/
next-config-js/turbopack#root-directory for more informa
tion.
 Detected additional lockfiles: 
   * C:\Users\Banan\Desktop\pentoraSEO\package-lock.json

   ▲ Next.js 16.0.10 (Turbopack)

   Creating an optimized production build ...

> Build error occurred
Error: Turbopack build failed with 1 errors:
./Desktop/pentoraSEO/src/app/globals.css
Error evaluating Node.js code
Error: It looks like you're trying to use `tailwindcss` 
directly as a PostCSS plugin. The PostCSS plugin has mov
ed to a separate package, so to continue using Tailwind 
CSS with PostCSS you'll need to install `@tailwindcss/po
stcss` and update your PostCSS configuration.
    [at lt (C:\Users\Banan\Desktop\pentoraSEO\node_modul
es\tailwindcss\dist\lib.js:38:1643)]
    at turbopack:///[turbopack-node]/transforms/postcss.
ts:56:14 [C:\Users\Banan\Desktop\pentoraSEO\.next\build\
chunks\[root-of-the-server]__c7b1e273._.js:140:20]
    [at <anonymous>]
    at Module.init (turbopack:///[turbopack-node]/transf
orms/postcss.ts:43:33) [C:\Users\Banan\Desktop\pentoraSE
O\.next\build\chunks\[root-of-the-server]__c7b1e273._.js
:130:35]
    at run (turbopack:///[turbopack-node]/ipc/evaluate.t
s:77:20) [C:\Users\Banan\Desktop\pentoraSEO\.next\build\
chunks\[root-of-the-server]__9319f8c4._.js:429:26]
    [at process.processTicksAndRejections (node:internal
/process/task_queues:105:5)]

Import trace:
  Client Component Browser:
    ./Desktop/pentoraSEO/src/app/globals.css [Client Com
ponent Browser]
    ./Desktop/pentoraSEO/src/app/layout.tsx [Server Comp
onent]


    at Module.init (turbopack:///[turbopack-node]/transf
orms/postcss.ts:43:33) [C:\Users\Banan\Desktop\pentoraSE
O\.next\build\chunks\[root-of-the-server]__c7b1e273._.js
:130:35])
    at run (turbopack:///[turbopack-node]/ipc/evaluate.t
s:77:20) [C:\Users\Banan\Desktop\pentoraSEO\.next\build\
chunks\[root-of-the-server]__9319f8c4._.js:429:26])
